go : # biblioteca-digit
al-api/internal/handler
No linha:1 caractere:1
+ go build 
cmd/server/main.go > 
build_errors.txt 2>&1; 
cat build_errors ...
+ ~~~~~~~~~~~~~~~~~~~~~
~~~~~~~~~~~~~~~~~~~~~~~
~~~~~~~
    + CategoryInfo     
         : NotSpecifi  
  ed: (# biblioteca-   
 di...nternal/handl    
er:String) [], Rem    
oteException
    + FullyQualifiedEr 
   rorId : NativeComm  
  andError
 
internal\handler\materi
al_handler.go:19:53: 
cannot use repo 
(variable of type *repo
sitory.MaterialPostgres
) as "biblioteca-digita
l-api/internal/domain/m
aterial".Repository 
value in struct 
literal: *repository.Ma
terialPostgres does 
not implement "bibliote
ca-digital-api/internal
/domain/material".Repos
itory (wrong type for 
method Atualizar)
		have Atualizar(*"bibl
ioteca-digital-api/inte
rnal/domain/material".M
aterial) error
		want Atualizar(contex
t.Context, *"biblioteca
-digital-api/internal/d
omain/material".Materia
l) error
internal\handler\materi
al_handler.go:20:52: 
cannot use repo 
(variable of type *repo
sitory.MaterialPostgres
) as "biblioteca-digita
l-api/internal/domain/m
aterial".Repository 
value in struct 
literal: *repository.Ma
terialPostgres does 
not implement "bibliote
ca-digital-api/internal
/domain/material".Repos
itory (wrong type for 
method Atualizar)
		have Atualizar(*"bibl
ioteca-digital-api/inte
rnal/domain/material".M
aterial) error
		want Atualizar(contex
t.Context, *"biblioteca
-digital-api/internal/d
omain/material".Materia
l) error
internal\handler\materi
al_handler.go:21:56: 
cannot use repo 
(variable of type *repo
sitory.MaterialPostgres
) as "biblioteca-digita
l-api/internal/domain/m
aterial".Repository 
value in struct 
literal: *repository.Ma
terialPostgres does 
not implement "bibliote
ca-digital-api/internal
/domain/material".Repos
itory (wrong type for 
method Atualizar)
		have Atualizar(*"bibl
ioteca-digital-api/inte
rnal/domain/material".M
aterial) error
		want Atualizar(contex
t.Context, *"biblioteca
-digital-api/internal/d
omain/material".Materia
l) error
internal\handler\materi
al_handler.go:22:58: 
cannot use repo 
(variable of type *repo
sitory.MaterialPostgres
) as "biblioteca-digita
l-api/internal/domain/m
aterial".Repository 
value in struct 
literal: *repository.Ma
terialPostgres does 
not implement "bibliote
ca-digital-api/internal
/domain/material".Repos
itory (wrong type for 
method Atualizar)
		have Atualizar(*"bibl
ioteca-digital-api/inte
rnal/domain/material".M
aterial) error
		want Atualizar(contex
t.Context, *"biblioteca
-digital-api/internal/d
omain/material".Materia
l) error
internal\handler\materi
al_handler.go:23:62: 
cannot use repo 
(variable of type *repo
sitory.MaterialPostgres
) as "biblioteca-digita
l-api/internal/domain/m
aterial".Repository 
value in struct 
literal: *repository.Ma
terialPostgres does 
not implement "bibliote
ca-digital-api/internal
/domain/material".Repos
itory (wrong type for 
method Atualizar)
		have Atualizar(*"bibl
ioteca-digital-api/inte
rnal/domain/material".M
aterial) error
		want Atualizar(contex
t.Context, *"biblioteca
-digital-api/internal/d
omain/material".Materia
l) error
internal\handler\materi
al_handler.go:24:58: 
cannot use repo 
(variable of type *repo
sitory.MaterialPostgres
) as "biblioteca-digita
l-api/internal/domain/m
aterial".Repository 
value in struct 
literal: *repository.Ma
terialPostgres does 
not implement "bibliote
ca-digital-api/internal
/domain/material".Repos
itory (wrong type for 
method Atualizar)
		have Atualizar(*"bibl
ioteca-digital-api/inte
rnal/domain/material".M
aterial) error
		want Atualizar(contex
t.Context, *"biblioteca
-digital-api/internal/d
omain/material".Materia
l) error
internal\handler\materi
al_handler.go:25:54: 
cannot use repo 
(variable of type *repo
sitory.MaterialPostgres
) as "biblioteca-digita
l-api/internal/domain/m
aterial".Repository 
value in struct 
literal: *repository.Ma
terialPostgres does 
not implement "bibliote
ca-digital-api/internal
/domain/material".Repos
itory (wrong type for 
method Atualizar)
		have Atualizar(*"bibl
ioteca-digital-api/inte
rnal/domain/material".M
aterial) error
		want Atualizar(contex
t.Context, *"biblioteca
-digital-api/internal/d
omain/material".Materia
l) error
internal\handler\materi
al_handler.go:26:56: 
cannot use repo 
(variable of type *repo
sitory.MaterialPostgres
) as "biblioteca-digita
l-api/internal/domain/m
aterial".Repository 
value in struct 
literal: *repository.Ma
terialPostgres does 
not implement "bibliote
ca-digital-api/internal
/domain/material".Repos
itory (wrong type for 
method Atualizar)
		have Atualizar(*"bibl
ioteca-digital-api/inte
rnal/domain/material".M
aterial) error
		want Atualizar(contex
t.Context, *"biblioteca
-digital-api/internal/d
omain/material".Materia
l) error
internal\handler\materi
al_handler.go:27:57: 
cannot use repo 
(variable of type *repo
sitory.MaterialPostgres
) as "biblioteca-digita
l-api/internal/domain/m
aterial".Repository 
value in struct 
literal: *repository.Ma
terialPostgres does 
not implement "bibliote
ca-digital-api/internal
/domain/material".Repos
itory (wrong type for 
method Atualizar)
		have Atualizar(*"bibl
ioteca-digital-api/inte
rnal/domain/material".M
aterial) error
		want Atualizar(contex
t.Context, *"biblioteca
-digital-api/internal/d
omain/material".Materia
l) error
